../Drivers/Src/STM32F411RE_Driver_USART.c:4:6:USART_PeriClockControl	16	static
../Drivers/Src/STM32F411RE_Driver_USART.c:28:6:USART_Init	24	static
../Drivers/Src/STM32F411RE_Driver_USART.c:79:6:USART_DeInit	16	static
../Drivers/Src/STM32F411RE_Driver_USART.c:91:9:USART_GetFlagStatus	16	static
../Drivers/Src/STM32F411RE_Driver_USART.c:98:6:USART_ClearFlag	16	static
../Drivers/Src/STM32F411RE_Driver_USART.c:102:6:USART_PeripheralControl	16	static
../Drivers/Src/STM32F411RE_Driver_USART.c:109:6:USART_SetBaudRate	40	static
../Drivers/Src/STM32F411RE_Driver_USART.c:138:6:USART_SendData	32	static
../Drivers/Src/STM32F411RE_Driver_USART.c:164:6:USART_ReceiveData	32	static
../Drivers/Src/STM32F411RE_Driver_USART.c:196:9:USART_SendDataIT	32	static
../Drivers/Src/STM32F411RE_Driver_USART.c:211:9:USART_ReceiveDataIT	32	static
../Drivers/Src/STM32F411RE_Driver_USART.c:223:6:USART_IRQ_Interrupt_Config	16	static
../Drivers/Src/STM32F411RE_Driver_USART.c:249:6:USART_IRQ_Priority_Config	24	static
../Drivers/Src/STM32F411RE_Driver_USART.c:255:6:USART_IRQHandling	40	static
../Drivers/Src/STM32F411RE_Driver_USART.c:390:13:USART_ApplicationEventCallback	16	static
