../Drivers/Src/STM32F411RE_Driver_SPI.c:15:6:SPI_PeriClockControl	16	static
../Drivers/Src/STM32F411RE_Driver_SPI.c:52:6:SPI_Init	24	static
../Drivers/Src/STM32F411RE_Driver_SPI.c:90:6:SPI_DeInit	16	static
../Drivers/Src/STM32F411RE_Driver_SPI.c:109:6:SPI_PeripheralControl	16	static
../Drivers/Src/STM32F411RE_Driver_SPI.c:119:6:SPI_SendData	32	static
../Drivers/Src/STM32F411RE_Driver_SPI.c:147:6:SPI_ReceiveData	32	static
../Drivers/Src/STM32F411RE_Driver_SPI.c:172:6:SPI_SSISet	16	static
../Drivers/Src/STM32F411RE_Driver_SPI.c:182:6:SPI_SSOEConfig	16	static
../Drivers/Src/STM32F411RE_Driver_SPI.c:191:6:SPI_IRQ_Interrupt_Config	16	static
../Drivers/Src/STM32F411RE_Driver_SPI.c:217:6:SPI_IRQ_Priority_Config	24	static
../Drivers/Src/STM32F411RE_Driver_SPI.c:223:9:SPI_SendDataIT	24	static
../Drivers/Src/STM32F411RE_Driver_SPI.c:236:9:SPI_ReceiveDataIT	24	static
../Drivers/Src/STM32F411RE_Driver_SPI.c:249:6:SPI_IRQHandling	24	static
../Drivers/Src/STM32F411RE_Driver_SPI.c:274:13:spi_txe_interrupt_handle	24	static
../Drivers/Src/STM32F411RE_Driver_SPI.c:298:13:spi_rxne_interrupt_handle	24	static
../Drivers/Src/STM32F411RE_Driver_SPI.c:324:13:spi_ovr_err_interrupt_handle	24	static
../Drivers/Src/STM32F411RE_Driver_SPI.c:334:6:SPI_CloseTransmission	16	static
../Drivers/Src/STM32F411RE_Driver_SPI.c:340:6:SPI_CloseReception	16	static
../Drivers/Src/STM32F411RE_Driver_SPI.c:346:6:SPI_ClearOVRFlag	24	static
../Drivers/Src/STM32F411RE_Driver_SPI.c:354:13:SPI_ApllicationEventCallback	16	static
